2022-02-08 16:06:40,531  * Debugger is active!
2022-02-08 16:06:40,545  * Debugger PIN: 122-357-381
2022-02-08 16:06:40,646  * Running on http://127.0.0.1:5000/ (Press CTRL+C to quit)
2022-02-08 16:06:42,147 127.0.0.1 - - [08/Feb/2022 16:06:42] "GET / HTTP/1.1" 200 -
2022-02-08 16:06:52,111 127.0.0.1 - - [08/Feb/2022 16:06:52] "POST /predict HTTP/1.1" 200 -
2022-02-08 16:07:02,932 127.0.0.1 - - [08/Feb/2022 16:07:02] "POST /predict HTTP/1.1" 200 -
